Analysis & Synthesis report for LogicAnalyzer
Sun Sep  6 22:10:42 2026
Quartus Prime Version 22.1std.0 Build 915 10/25/2022 SC Lite Edition


---------------------
; Table of Contents ;
---------------------
  1. Legal Notice
  2. Analysis & Synthesis Summary
  3. Analysis & Synthesis Settings
  4. Parallel Compilation
  5. Analysis & Synthesis Source Files Read
  6. Analysis & Synthesis Resource Usage Summary
  7. Analysis & Synthesis Resource Utilization by Entity
  8. Analysis & Synthesis RAM Summary
  9. State Machine - |logic_analyzer_10m50_top|logic_analyzer_top:dut|capture:capture_inst|state
 10. General Register Statistics
 11. Registers Packed Into Inferred Megafunctions
 12. Source assignments for logic_analyzer_top:dut|buffer:buffer_inst|altsyncram:mem_rtl_0|altsyncram_ugg1:auto_generated
 13. Parameter Settings for User Entity Instance: logic_analyzer_top:dut|rate_div:rate_div_0
 14. Parameter Settings for User Entity Instance: logic_analyzer_top:dut|rate_div:rate_div_1
 15. Parameter Settings for User Entity Instance: logic_analyzer_top:dut|rate_div:rate_div_2
 16. Parameter Settings for User Entity Instance: logic_analyzer_top:dut|rate_div:rate_div_3
 17. Parameter Settings for User Entity Instance: logic_analyzer_top:dut|capture:capture_inst
 18. Parameter Settings for Inferred Entity Instance: logic_analyzer_top:dut|buffer:buffer_inst|altsyncram:mem_rtl_0
 19. altsyncram Parameter Settings by Entity Instance
 20. Port Connectivity Checks: "logic_analyzer_top:dut|trigger:trigger_rd_strobe"
 21. Port Connectivity Checks: "logic_analyzer_top:dut|trigger:trigger_arm"
 22. Post-Synthesis Netlist Statistics for Top Partition
 23. Elapsed Time Per Partition
 24. Analysis & Synthesis Messages



----------------
; Legal Notice ;
----------------
Copyright (C) 2022  Intel Corporation. All rights reserved.
Your use of Intel Corporation's design tools, logic functions 
and other software and tools, and any partner logic 
functions, and any output files from any of the foregoing 
(including device programming or simulation files), and any 
associated documentation or information are expressly subject 
to the terms and conditions of the Intel Program License 
Subscription Agreement, the Intel Quartus Prime License Agreement,
the Intel FPGA IP License Agreement, or other applicable license
agreement, including, without limitation, that your use is for
the sole purpose of programming logic devices manufactured by
Intel and sold by Intel or its authorized distributors.  Please
refer to the applicable agreement for further details, at
https://fpgasoftware.intel.com/eula.



+-------------------------------------------------------------------------------------+
; Analysis & Synthesis Summary                                                        ;
+------------------------------------+------------------------------------------------+
; Analysis & Synthesis Status        ; Successful - Sun Sep  6 22:10:42 2026          ;
; Quartus Prime Version              ; 22.1std.0 Build 915 10/25/2022 SC Lite Edition ;
; Revision Name                      ; LogicAnalyzer                                  ;
; Top-level Entity Name              ; logic_analyzer_10m50_top                       ;
; Family                             ; MAX 10                                         ;
; Total logic elements               ; 155                                            ;
;     Total combinational functions  ; 154                                            ;
;     Dedicated logic registers      ; 109                                            ;
; Total registers                    ; 109                                            ;
; Total pins                         ; 10                                             ;
; Total virtual pins                 ; 0                                              ;
; Total memory bits                  ; 16,384                                         ;
; Embedded Multiplier 9-bit elements ; 0                                              ;
; Total PLLs                         ; 0                                              ;
; UFM blocks                         ; 0                                              ;
; ADC blocks                         ; 0                                              ;
+------------------------------------+------------------------------------------------+


+------------------------------------------------------------------------------------------------------------------+
; Analysis & Synthesis Settings                                                                                    ;
+------------------------------------------------------------------+--------------------------+--------------------+
; Option                                                           ; Setting                  ; Default Value      ;
+------------------------------------------------------------------+--------------------------+--------------------+
; Device                                                           ; 10M50DAF484C6GES         ;                    ;
; Top-level entity name                                            ; logic_analyzer_10m50_top ; LogicAnalyzer      ;
; Family name                                                      ; MAX 10                   ; Cyclone V          ;
; Use smart compilation                                            ; Off                      ; Off                ;
; Enable parallel Assembler and Timing Analyzer during compilation ; On                       ; On                 ;
; Enable compact report table                                      ; Off                      ; Off                ;
; Restructure Multiplexers                                         ; Auto                     ; Auto               ;
; Create Debugging Nodes for IP Cores                              ; Off                      ; Off                ;
; Preserve fewer node names                                        ; On                       ; On                 ;
; Intel FPGA IP Evaluation Mode                                    ; Enable                   ; Enable             ;
; Verilog Version                                                  ; Verilog_2001             ; Verilog_2001       ;
; VHDL Version                                                     ; VHDL_1993                ; VHDL_1993          ;
; State Machine Processing                                         ; Auto                     ; Auto               ;
; Safe State Machine                                               ; Off                      ; Off                ;
; Extract Verilog State Machines                                   ; On                       ; On                 ;
; Extract VHDL State Machines                                      ; On                       ; On                 ;
; Ignore Verilog initial constructs                                ; Off                      ; Off                ;
; Iteration limit for constant Verilog loops                       ; 5000                     ; 5000               ;
; Iteration limit for non-constant Verilog loops                   ; 250                      ; 250                ;
; Add Pass-Through Logic to Inferred RAMs                          ; On                       ; On                 ;
; Infer RAMs from Raw Logic                                        ; On                       ; On                 ;
; Parallel Synthesis                                               ; On                       ; On                 ;
; DSP Block Balancing                                              ; Auto                     ; Auto               ;
; NOT Gate Push-Back                                               ; On                       ; On                 ;
; Power-Up Don't Care                                              ; On                       ; On                 ;
; Remove Redundant Logic Cells                                     ; Off                      ; Off                ;
; Remove Duplicate Registers                                       ; On                       ; On                 ;
; Ignore CARRY Buffers                                             ; Off                      ; Off                ;
; Ignore CASCADE Buffers                                           ; Off                      ; Off                ;
; Ignore GLOBAL Buffers                                            ; Off                      ; Off                ;
; Ignore ROW GLOBAL Buffers                                        ; Off                      ; Off                ;
; Ignore LCELL Buffers                                             ; Off                      ; Off                ;
; Ignore SOFT Buffers                                              ; On                       ; On                 ;
; Limit AHDL Integers to 32 Bits                                   ; Off                      ; Off                ;
; Optimization Technique                                           ; Balanced                 ; Balanced           ;
; Carry Chain Length                                               ; 70                       ; 70                 ;
; Auto Carry Chains                                                ; On                       ; On                 ;
; Auto Open-Drain Pins                                             ; On                       ; On                 ;
; Perform WYSIWYG Primitive Resynthesis                            ; Off                      ; Off                ;
; Auto ROM Replacement                                             ; On                       ; On                 ;
; Auto RAM Replacement                                             ; On                       ; On                 ;
; Auto DSP Block Replacement                                       ; On                       ; On                 ;
; Auto Shift Register Replacement                                  ; Auto                     ; Auto               ;
; Allow Shift Register Merging across Hierarchies                  ; Auto                     ; Auto               ;
; Auto Clock Enable Replacement                                    ; On                       ; On                 ;
; Strict RAM Replacement                                           ; Off                      ; Off                ;
; Allow Synchronous Control Signals                                ; On                       ; On                 ;
; Force Use of Synchronous Clear Signals                           ; Off                      ; Off                ;
; Auto RAM Block Balancing                                         ; On                       ; On                 ;
; Auto RAM to Logic Cell Conversion                                ; Off                      ; Off                ;
; Auto Resource Sharing                                            ; Off                      ; Off                ;
; Allow Any RAM Size For Recognition                               ; Off                      ; Off                ;
; Allow Any ROM Size For Recognition                               ; Off                      ; Off                ;
; Allow Any Shift Register Size For Recognition                    ; Off                      ; Off                ;
; Use LogicLock Constraints during Resource Balancing              ; On                       ; On                 ;
; Ignore translate_off and synthesis_off directives                ; Off                      ; Off                ;
; Timing-Driven Synthesis                                          ; On                       ; On                 ;
; Report Parameter Settings                                        ; On                       ; On                 ;
; Report Source Assignments                                        ; On                       ; On                 ;
; Report Connectivity Checks                                       ; On                       ; On                 ;
; Ignore Maximum Fan-Out Assignments                               ; Off                      ; Off                ;
; Synchronization Register Chain Length                            ; 2                        ; 2                  ;
; Power Optimization During Synthesis                              ; Normal compilation       ; Normal compilation ;
; HDL message level                                                ; Level2                   ; Level2             ;
; Suppress Register Optimization Related Messages                  ; Off                      ; Off                ;
; Number of Removed Registers Reported in Synthesis Report         ; 5000                     ; 5000               ;
; Number of Swept Nodes Reported in Synthesis Report               ; 5000                     ; 5000               ;
; Number of Inverted Registers Reported in Synthesis Report        ; 100                      ; 100                ;
; Clock MUX Protection                                             ; On                       ; On                 ;
; Auto Gated Clock Conversion                                      ; Off                      ; Off                ;
; Block Design Naming                                              ; Auto                     ; Auto               ;
; SDC constraint protection                                        ; Off                      ; Off                ;
; Synthesis Effort                                                 ; Auto                     ; Auto               ;
; Shift Register Replacement - Allow Asynchronous Clear Signal     ; On                       ; On                 ;
; Pre-Mapping Resynthesis Optimization                             ; Off                      ; Off                ;
; Analysis & Synthesis Message Level                               ; Medium                   ; Medium             ;
; Disable Register Merging Across Hierarchies                      ; Auto                     ; Auto               ;
; Resource Aware Inference For Block RAM                           ; On                       ; On                 ;
+------------------------------------------------------------------+--------------------------+--------------------+


+------------------------------------------+
; Parallel Compilation                     ;
+----------------------------+-------------+
; Processors                 ; Number      ;
+----------------------------+-------------+
; Number detected on machine ; 14          ;
; Maximum allowed            ; 12          ;
;                            ;             ;
; Average used               ; 1.00        ;
; Maximum used               ; 12          ;
;                            ;             ;
; Usage by Processor         ; % Time Used ;
;     Processor 1            ; 100.0%      ;
;     Processors 2-12        ;   0.0%      ;
+----------------------------+-------------+


+-------------------------------------------------------------------------------------------------------------------------------------------------------------------------------+
; Analysis & Synthesis Source Files Read                                                                                                                                        ;
+----------------------------------+-----------------+------------------------------+---------------------------------------------------------------------------------+---------+
; File Name with User-Entered Path ; Used in Netlist ; File Type                    ; File Name with Absolute Path                                                    ; Library ;
+----------------------------------+-----------------+------------------------------+---------------------------------------------------------------------------------+---------+
; DFlipFlop.v                      ; yes             ; User Verilog HDL File        ; C:/Logic Analyzer/DFlipFlop.v                                                   ;         ;
; counter.v                        ; yes             ; User Verilog HDL File        ; C:/Logic Analyzer/counter.v                                                     ;         ;
; sync.v                           ; yes             ; User Verilog HDL File        ; C:/Logic Analyzer/sync.v                                                        ;         ;
; rate_div.v                       ; yes             ; User Verilog HDL File        ; C:/Logic Analyzer/rate_div.v                                                    ;         ;
; trigger.v                        ; yes             ; User Verilog HDL File        ; C:/Logic Analyzer/trigger.v                                                     ;         ;
; capture.v                        ; yes             ; User Verilog HDL File        ; C:/Logic Analyzer/capture.v                                                     ;         ;
; buffer.v                         ; yes             ; User Verilog HDL File        ; C:/Logic Analyzer/buffer.v                                                      ;         ;
; readout.v                        ; yes             ; User Verilog HDL File        ; C:/Logic Analyzer/readout.v                                                     ;         ;
; logic_analyzer_top.v             ; yes             ; User Verilog HDL File        ; C:/Logic Analyzer/logic_analyzer_top.v                                          ;         ;
; logic_analyzer_10m50_top.v       ; yes             ; User Verilog HDL File        ; C:/Logic Analyzer/logic_analyzer_10m50_top.v                                    ;         ;
; logic_analyzer_params.vh         ; yes             ; Auto-Found Unspecified File  ; C:/Logic Analyzer/logic_analyzer_params.vh                                      ;         ;
; altsyncram.tdf                   ; yes             ; Megafunction                 ; c:/intelfpga_lite/22.1std/quartus/libraries/megafunctions/altsyncram.tdf        ;         ;
; stratix_ram_block.inc            ; yes             ; Megafunction                 ; c:/intelfpga_lite/22.1std/quartus/libraries/megafunctions/stratix_ram_block.inc ;         ;
; lpm_mux.inc                      ; yes             ; Megafunction                 ; c:/intelfpga_lite/22.1std/quartus/libraries/megafunctions/lpm_mux.inc           ;         ;
; lpm_decode.inc                   ; yes             ; Megafunction                 ; c:/intelfpga_lite/22.1std/quartus/libraries/megafunctions/lpm_decode.inc        ;         ;
; aglobal221.inc                   ; yes             ; Megafunction                 ; c:/intelfpga_lite/22.1std/quartus/libraries/megafunctions/aglobal221.inc        ;         ;
; a_rdenreg.inc                    ; yes             ; Megafunction                 ; c:/intelfpga_lite/22.1std/quartus/libraries/megafunctions/a_rdenreg.inc         ;         ;
; altrom.inc                       ; yes             ; Megafunction                 ; c:/intelfpga_lite/22.1std/quartus/libraries/megafunctions/altrom.inc            ;         ;
; altram.inc                       ; yes             ; Megafunction                 ; c:/intelfpga_lite/22.1std/quartus/libraries/megafunctions/altram.inc            ;         ;
; altdpram.inc                     ; yes             ; Megafunction                 ; c:/intelfpga_lite/22.1std/quartus/libraries/megafunctions/altdpram.inc          ;         ;
; db/altsyncram_ugg1.tdf           ; yes             ; Auto-Generated Megafunction  ; C:/Logic Analyzer/db/altsyncram_ugg1.tdf                                        ;         ;
; db/decode_97a.tdf                ; yes             ; Auto-Generated Megafunction  ; C:/Logic Analyzer/db/decode_97a.tdf                                             ;         ;
; db/mux_i1b.tdf                   ; yes             ; Auto-Generated Megafunction  ; C:/Logic Analyzer/db/mux_i1b.tdf                                                ;         ;
+----------------------------------+-----------------+------------------------------+---------------------------------------------------------------------------------+---------+


+---------------------------------------------------------+
; Analysis & Synthesis Resource Usage Summary             ;
+---------------------------------------------+-----------+
; Resource                                    ; Usage     ;
+---------------------------------------------+-----------+
; Estimated Total logic elements              ; 155       ;
;                                             ;           ;
; Total combinational functions               ; 154       ;
; Logic element usage by number of LUT inputs ;           ;
;     -- 4 input functions                    ; 41        ;
;     -- 3 input functions                    ; 16        ;
;     -- <=2 input functions                  ; 97        ;
;                                             ;           ;
; Logic elements by mode                      ;           ;
;     -- normal mode                          ; 80        ;
;     -- arithmetic mode                      ; 74        ;
;                                             ;           ;
; Total registers                             ; 109       ;
;     -- Dedicated logic registers            ; 109       ;
;     -- I/O registers                        ; 0         ;
;                                             ;           ;
; I/O pins                                    ; 10        ;
; Total memory bits                           ; 16384     ;
;                                             ;           ;
; Embedded Multiplier 9-bit elements          ; 0         ;
;                                             ;           ;
; Maximum fan-out node                        ; clk~input ;
; Maximum fan-out                             ; 111       ;
; Total fan-out                               ; 775       ;
; Average fan-out                             ; 2.72      ;
+---------------------------------------------+-----------+


+------------------------------------------------------------------------------------------------------------------------------------------------------------------------------------------------------------------------------------------------------------------------------------------------------------------------------------------------------------------------------------------+
; Analysis & Synthesis Resource Utilization by Entity                                                                                                                                                                                                                                                                                                                                      ;
+----------------------------------------------+---------------------+---------------------------+-------------+------------+--------------+---------+-----------+------+--------------+------------+--------------------------------------------------------------------------------------------------------------------------------------------+--------------------------+--------------+
; Compilation Hierarchy Node                   ; Combinational ALUTs ; Dedicated Logic Registers ; Memory Bits ; UFM Blocks ; DSP Elements ; DSP 9x9 ; DSP 18x18 ; Pins ; Virtual Pins ; ADC blocks ; Full Hierarchy Name                                                                                                                        ; Entity Name              ; Library Name ;
+----------------------------------------------+---------------------+---------------------------+-------------+------------+--------------+---------+-----------+------+--------------+------------+--------------------------------------------------------------------------------------------------------------------------------------------+--------------------------+--------------+
; |logic_analyzer_10m50_top                    ; 154 (0)             ; 109 (0)                   ; 16384       ; 0          ; 0            ; 0       ; 0         ; 10   ; 0            ; 0          ; |logic_analyzer_10m50_top                                                                                                                  ; logic_analyzer_10m50_top ; work         ;
;    |logic_analyzer_top:dut|                  ; 154 (4)             ; 109 (1)                   ; 16384       ; 0          ; 0            ; 0       ; 0         ; 0    ; 0            ; 0          ; |logic_analyzer_10m50_top|logic_analyzer_top:dut                                                                                           ; logic_analyzer_top       ; work         ;
;       |buffer:buffer_inst|                   ; 2 (0)               ; 1 (0)                     ; 16384       ; 0          ; 0            ; 0       ; 0         ; 0    ; 0            ; 0          ; |logic_analyzer_10m50_top|logic_analyzer_top:dut|buffer:buffer_inst                                                                        ; buffer                   ; work         ;
;          |altsyncram:mem_rtl_0|              ; 2 (0)               ; 1 (0)                     ; 16384       ; 0          ; 0            ; 0       ; 0         ; 0    ; 0            ; 0          ; |logic_analyzer_10m50_top|logic_analyzer_top:dut|buffer:buffer_inst|altsyncram:mem_rtl_0                                                   ; altsyncram               ; work         ;
;             |altsyncram_ugg1:auto_generated| ; 2 (0)               ; 1 (1)                     ; 16384       ; 0          ; 0            ; 0       ; 0         ; 0    ; 0            ; 0          ; |logic_analyzer_10m50_top|logic_analyzer_top:dut|buffer:buffer_inst|altsyncram:mem_rtl_0|altsyncram_ugg1:auto_generated                    ; altsyncram_ugg1          ; work         ;
;                |decode_97a:decode2|          ; 2 (2)               ; 0 (0)                     ; 0           ; 0          ; 0            ; 0       ; 0         ; 0    ; 0            ; 0          ; |logic_analyzer_10m50_top|logic_analyzer_top:dut|buffer:buffer_inst|altsyncram:mem_rtl_0|altsyncram_ugg1:auto_generated|decode_97a:decode2 ; decode_97a               ; work         ;
;       |capture:capture_inst|                 ; 39 (39)             ; 18 (18)                   ; 0           ; 0          ; 0            ; 0       ; 0         ; 0    ; 0            ; 0          ; |logic_analyzer_10m50_top|logic_analyzer_top:dut|capture:capture_inst                                                                      ; capture                  ; work         ;
;       |rate_div:rate_div_0|                  ; 19 (6)              ; 14 (1)                    ; 0           ; 0          ; 0            ; 0       ; 0         ; 0    ; 0            ; 0          ; |logic_analyzer_10m50_top|logic_analyzer_top:dut|rate_div:rate_div_0                                                                       ; rate_div                 ; work         ;
;          |counter:counter1|                  ; 13 (13)             ; 13 (13)                   ; 0           ; 0          ; 0            ; 0       ; 0         ; 0    ; 0            ; 0          ; |logic_analyzer_10m50_top|logic_analyzer_top:dut|rate_div:rate_div_0|counter:counter1                                                      ; counter                  ; work         ;
;       |rate_div:rate_div_1|                  ; 19 (6)              ; 14 (1)                    ; 0           ; 0          ; 0            ; 0       ; 0         ; 0    ; 0            ; 0          ; |logic_analyzer_10m50_top|logic_analyzer_top:dut|rate_div:rate_div_1                                                                       ; rate_div                 ; work         ;
;          |counter:counter1|                  ; 13 (13)             ; 13 (13)                   ; 0           ; 0          ; 0            ; 0       ; 0         ; 0    ; 0            ; 0          ; |logic_analyzer_10m50_top|logic_analyzer_top:dut|rate_div:rate_div_1|counter:counter1                                                      ; counter                  ; work         ;
;       |rate_div:rate_div_2|                  ; 19 (6)              ; 14 (1)                    ; 0           ; 0          ; 0            ; 0       ; 0         ; 0    ; 0            ; 0          ; |logic_analyzer_10m50_top|logic_analyzer_top:dut|rate_div:rate_div_2                                                                       ; rate_div                 ; work         ;
;          |counter:counter1|                  ; 13 (13)             ; 13 (13)                   ; 0           ; 0          ; 0            ; 0       ; 0         ; 0    ; 0            ; 0          ; |logic_analyzer_10m50_top|logic_analyzer_top:dut|rate_div:rate_div_2|counter:counter1                                                      ; counter                  ; work         ;
;       |rate_div:rate_div_3|                  ; 19 (6)              ; 14 (1)                    ; 0           ; 0          ; 0            ; 0       ; 0         ; 0    ; 0            ; 0          ; |logic_analyzer_10m50_top|logic_analyzer_top:dut|rate_div:rate_div_3                                                                       ; rate_div                 ; work         ;
;          |counter:counter1|                  ; 13 (13)             ; 13 (13)                   ; 0           ; 0          ; 0            ; 0       ; 0         ; 0    ; 0            ; 0          ; |logic_analyzer_10m50_top|logic_analyzer_top:dut|rate_div:rate_div_3|counter:counter1                                                      ; counter                  ; work         ;
;       |readout:readout_inst|                 ; 15 (15)             ; 15 (15)                   ; 0           ; 0          ; 0            ; 0       ; 0         ; 0    ; 0            ; 0          ; |logic_analyzer_10m50_top|logic_analyzer_top:dut|readout:readout_inst                                                                      ; readout                  ; work         ;
;       |sync:sync_arm|                        ; 2 (0)               ; 2 (0)                     ; 0           ; 0          ; 0            ; 0       ; 0         ; 0    ; 0            ; 0          ; |logic_analyzer_10m50_top|logic_analyzer_top:dut|sync:sync_arm                                                                             ; sync                     ; work         ;
;          |DFlipFlop:DflipFlop1|              ; 1 (1)               ; 1 (1)                     ; 0           ; 0          ; 0            ; 0       ; 0         ; 0    ; 0            ; 0          ; |logic_analyzer_10m50_top|logic_analyzer_top:dut|sync:sync_arm|DFlipFlop:DflipFlop1                                                        ; DFlipFlop                ; work         ;
;          |DFlipFlop:DflipFlop2|              ; 1 (1)               ; 1 (1)                     ; 0           ; 0          ; 0            ; 0       ; 0         ; 0    ; 0            ; 0          ; |logic_analyzer_10m50_top|logic_analyzer_top:dut|sync:sync_arm|DFlipFlop:DflipFlop2                                                        ; DFlipFlop                ; work         ;
;       |sync:sync_polarity|                   ; 2 (0)               ; 2 (0)                     ; 0           ; 0          ; 0            ; 0       ; 0         ; 0    ; 0            ; 0          ; |logic_analyzer_10m50_top|logic_analyzer_top:dut|sync:sync_polarity                                                                        ; sync                     ; work         ;
;          |DFlipFlop:DflipFlop1|              ; 1 (1)               ; 1 (1)                     ; 0           ; 0          ; 0            ; 0       ; 0         ; 0    ; 0            ; 0          ; |logic_analyzer_10m50_top|logic_analyzer_top:dut|sync:sync_polarity|DFlipFlop:DflipFlop1                                                   ; DFlipFlop                ; work         ;
;          |DFlipFlop:DflipFlop2|              ; 1 (1)               ; 1 (1)                     ; 0           ; 0          ; 0            ; 0       ; 0         ; 0    ; 0            ; 0          ; |logic_analyzer_10m50_top|logic_analyzer_top:dut|sync:sync_polarity|DFlipFlop:DflipFlop2                                                   ; DFlipFlop                ; work         ;
;       |sync:sync_probe|                      ; 2 (0)               ; 2 (0)                     ; 0           ; 0          ; 0            ; 0       ; 0         ; 0    ; 0            ; 0          ; |logic_analyzer_10m50_top|logic_analyzer_top:dut|sync:sync_probe                                                                           ; sync                     ; work         ;
;          |DFlipFlop:DflipFlop1|              ; 1 (1)               ; 1 (1)                     ; 0           ; 0          ; 0            ; 0       ; 0         ; 0    ; 0            ; 0          ; |logic_analyzer_10m50_top|logic_analyzer_top:dut|sync:sync_probe|DFlipFlop:DflipFlop1                                                      ; DFlipFlop                ; work         ;
;          |DFlipFlop:DflipFlop2|              ; 1 (1)               ; 1 (1)                     ; 0           ; 0          ; 0            ; 0       ; 0         ; 0    ; 0            ; 0          ; |logic_analyzer_10m50_top|logic_analyzer_top:dut|sync:sync_probe|DFlipFlop:DflipFlop2                                                      ; DFlipFlop                ; work         ;
;       |sync:sync_rate0|                      ; 2 (0)               ; 2 (0)                     ; 0           ; 0          ; 0            ; 0       ; 0         ; 0    ; 0            ; 0          ; |logic_analyzer_10m50_top|logic_analyzer_top:dut|sync:sync_rate0                                                                           ; sync                     ; work         ;
;          |DFlipFlop:DflipFlop1|              ; 1 (1)               ; 1 (1)                     ; 0           ; 0          ; 0            ; 0       ; 0         ; 0    ; 0            ; 0          ; |logic_analyzer_10m50_top|logic_analyzer_top:dut|sync:sync_rate0|DFlipFlop:DflipFlop1                                                      ; DFlipFlop                ; work         ;
;          |DFlipFlop:DflipFlop2|              ; 1 (1)               ; 1 (1)                     ; 0           ; 0          ; 0            ; 0       ; 0         ; 0    ; 0            ; 0          ; |logic_analyzer_10m50_top|logic_analyzer_top:dut|sync:sync_rate0|DFlipFlop:DflipFlop2                                                      ; DFlipFlop                ; work         ;
;       |sync:sync_rate1|                      ; 2 (0)               ; 2 (0)                     ; 0           ; 0          ; 0            ; 0       ; 0         ; 0    ; 0            ; 0          ; |logic_analyzer_10m50_top|logic_analyzer_top:dut|sync:sync_rate1                                                                           ; sync                     ; work         ;
;          |DFlipFlop:DflipFlop1|              ; 1 (1)               ; 1 (1)                     ; 0           ; 0          ; 0            ; 0       ; 0         ; 0    ; 0            ; 0          ; |logic_analyzer_10m50_top|logic_analyzer_top:dut|sync:sync_rate1|DFlipFlop:DflipFlop1                                                      ; DFlipFlop                ; work         ;
;          |DFlipFlop:DflipFlop2|              ; 1 (1)               ; 1 (1)                     ; 0           ; 0          ; 0            ; 0       ; 0         ; 0    ; 0            ; 0          ; |logic_analyzer_10m50_top|logic_analyzer_top:dut|sync:sync_rate1|DFlipFlop:DflipFlop2                                                      ; DFlipFlop                ; work         ;
;       |sync:sync_rd_strobe|                  ; 2 (0)               ; 2 (0)                     ; 0           ; 0          ; 0            ; 0       ; 0         ; 0    ; 0            ; 0          ; |logic_analyzer_10m50_top|logic_analyzer_top:dut|sync:sync_rd_strobe                                                                       ; sync                     ; work         ;
;          |DFlipFlop:DflipFlop1|              ; 1 (1)               ; 1 (1)                     ; 0           ; 0          ; 0            ; 0       ; 0         ; 0    ; 0            ; 0          ; |logic_analyzer_10m50_top|logic_analyzer_top:dut|sync:sync_rd_strobe|DFlipFlop:DflipFlop1                                                  ; DFlipFlop                ; work         ;
;          |DFlipFlop:DflipFlop2|              ; 1 (1)               ; 1 (1)                     ; 0           ; 0          ; 0            ; 0       ; 0         ; 0    ; 0            ; 0          ; |logic_analyzer_10m50_top|logic_analyzer_top:dut|sync:sync_rd_strobe|DFlipFlop:DflipFlop2                                                  ; DFlipFlop                ; work         ;
;       |trigger:trigger_arm|                  ; 2 (2)               ; 2 (2)                     ; 0           ; 0          ; 0            ; 0       ; 0         ; 0    ; 0            ; 0          ; |logic_analyzer_10m50_top|logic_analyzer_top:dut|trigger:trigger_arm                                                                       ; trigger                  ; work         ;
;       |trigger:trigger_probe|                ; 2 (2)               ; 2 (2)                     ; 0           ; 0          ; 0            ; 0       ; 0         ; 0    ; 0            ; 0          ; |logic_analyzer_10m50_top|logic_analyzer_top:dut|trigger:trigger_probe                                                                     ; trigger                  ; work         ;
;       |trigger:trigger_rd_strobe|            ; 2 (2)               ; 2 (2)                     ; 0           ; 0          ; 0            ; 0       ; 0         ; 0    ; 0            ; 0          ; |logic_analyzer_10m50_top|logic_analyzer_top:dut|trigger:trigger_rd_strobe                                                                 ; trigger                  ; work         ;
+----------------------------------------------+---------------------+---------------------------+-------------+------------+--------------+---------+-----------+------+--------------+------------+--------------------------------------------------------------------------------------------------------------------------------------------+--------------------------+--------------+
Note: For table entries with two numbers listed, the numbers in parentheses indicate the number of resources of the given type used by the specific entity alone. The numbers listed outside of parentheses indicate the total resources of the given type used by the specific entity and all of its sub-entities in the hierarchy.


+---------------------------------------------------------------------------------------------------------------------------------------------------------------------------------------------------------------+
; Analysis & Synthesis RAM Summary                                                                                                                                                                              ;
+----------------------------------------------------------------------------------------------------------+------+------------------+--------------+--------------+--------------+--------------+-------+------+
; Name                                                                                                     ; Type ; Mode             ; Port A Depth ; Port A Width ; Port B Depth ; Port B Width ; Size  ; MIF  ;
+----------------------------------------------------------------------------------------------------------+------+------------------+--------------+--------------+--------------+--------------+-------+------+
; logic_analyzer_top:dut|buffer:buffer_inst|altsyncram:mem_rtl_0|altsyncram_ugg1:auto_generated|ALTSYNCRAM ; AUTO ; Simple Dual Port ; 16384        ; 1            ; 16384        ; 1            ; 16384 ; None ;
+----------------------------------------------------------------------------------------------------------+------+------------------+--------------+--------------+--------------+--------------+-------+------+


Encoding Type:  One-Hot
+---------------------------------------------------------------------------------------------+
; State Machine - |logic_analyzer_10m50_top|logic_analyzer_top:dut|capture:capture_inst|state ;
+---------------+------------+------------+---------------------------------------------------+
; Name          ; state.IDLE ; state.FULL ; state.RUNNING                                     ;
+---------------+------------+------------+---------------------------------------------------+
; state.IDLE    ; 0          ; 0          ; 0                                                 ;
; state.RUNNING ; 1          ; 0          ; 1                                                 ;
; state.FULL    ; 1          ; 1          ; 0                                                 ;
+---------------+------------+------------+---------------------------------------------------+


+------------------------------------------------------+
; General Register Statistics                          ;
+----------------------------------------------+-------+
; Statistic                                    ; Value ;
+----------------------------------------------+-------+
; Total registers                              ; 109   ;
; Number of registers using Synchronous Clear  ; 87    ;
; Number of registers using Synchronous Load   ; 0     ;
; Number of registers using Asynchronous Clear ; 0     ;
; Number of registers using Asynchronous Load  ; 0     ;
; Number of registers using Clock Enable       ; 0     ;
; Number of registers using Preset             ; 0     ;
+----------------------------------------------+-------+


+--------------------------------------------------------------------------------------------------------------+
; Registers Packed Into Inferred Megafunctions                                                                 ;
+-------------------------------------------------+-----------------------------------------------------+------+
; Register Name                                   ; Megafunction                                        ; Type ;
+-------------------------------------------------+-----------------------------------------------------+------+
; logic_analyzer_top:dut|buffer:buffer_inst|rdata ; logic_analyzer_top:dut|buffer:buffer_inst|mem_rtl_0 ; RAM  ;
+-------------------------------------------------+-----------------------------------------------------+------+


+----------------------------------------------------------------------------------------------------------------------+
; Source assignments for logic_analyzer_top:dut|buffer:buffer_inst|altsyncram:mem_rtl_0|altsyncram_ugg1:auto_generated ;
+---------------------------------+--------------------+------+--------------------------------------------------------+
; Assignment                      ; Value              ; From ; To                                                     ;
+---------------------------------+--------------------+------+--------------------------------------------------------+
; OPTIMIZE_POWER_DURING_SYNTHESIS ; NORMAL_COMPILATION ; -    ; -                                                      ;
+---------------------------------+--------------------+------+--------------------------------------------------------+


+-----------------------------------------------------------------------------------------+
; Parameter Settings for User Entity Instance: logic_analyzer_top:dut|rate_div:rate_div_0 ;
+----------------+-------+----------------------------------------------------------------+
; Parameter Name ; Value ; Type                                                           ;
+----------------+-------+----------------------------------------------------------------+
; N              ; 5     ; Signed Integer                                                 ;
+----------------+-------+----------------------------------------------------------------+
Note: In order to hide this table in the UI and the text report file, please set the "Show Parameter Settings in Synthesis Report" option in "Analysis and Synthesis Settings -> More Settings" to "Off".


+-----------------------------------------------------------------------------------------+
; Parameter Settings for User Entity Instance: logic_analyzer_top:dut|rate_div:rate_div_1 ;
+----------------+-------+----------------------------------------------------------------+
; Parameter Name ; Value ; Type                                                           ;
+----------------+-------+----------------------------------------------------------------+
; N              ; 50    ; Signed Integer                                                 ;
+----------------+-------+----------------------------------------------------------------+
Note: In order to hide this table in the UI and the text report file, please set the "Show Parameter Settings in Synthesis Report" option in "Analysis and Synthesis Settings -> More Settings" to "Off".


+-----------------------------------------------------------------------------------------+
; Parameter Settings for User Entity Instance: logic_analyzer_top:dut|rate_div:rate_div_2 ;
+----------------+-------+----------------------------------------------------------------+
; Parameter Name ; Value ; Type                                                           ;
+----------------+-------+----------------------------------------------------------------+
; N              ; 500   ; Signed Integer                                                 ;
+----------------+-------+----------------------------------------------------------------+
Note: In order to hide this table in the UI and the text report file, please set the "Show Parameter Settings in Synthesis Report" option in "Analysis and Synthesis Settings -> More Settings" to "Off".


+-----------------------------------------------------------------------------------------+
; Parameter Settings for User Entity Instance: logic_analyzer_top:dut|rate_div:rate_div_3 ;
+----------------+-------+----------------------------------------------------------------+
; Parameter Name ; Value ; Type                                                           ;
+----------------+-------+----------------------------------------------------------------+
; N              ; 5000  ; Signed Integer                                                 ;
+----------------+-------+----------------------------------------------------------------+
Note: In order to hide this table in the UI and the text report file, please set the "Show Parameter Settings in Synthesis Report" option in "Analysis and Synthesis Settings -> More Settings" to "Off".


+------------------------------------------------------------------------------------------+
; Parameter Settings for User Entity Instance: logic_analyzer_top:dut|capture:capture_inst ;
+----------------+-------+-----------------------------------------------------------------+
; Parameter Name ; Value ; Type                                                            ;
+----------------+-------+-----------------------------------------------------------------+
; IDLE           ; 00    ; Unsigned Binary                                                 ;
; RUNNING        ; 01    ; Unsigned Binary                                                 ;
; FULL           ; 10    ; Unsigned Binary                                                 ;
; MAX_SAMPLES    ; 16384 ; Signed Integer                                                  ;
+----------------+-------+-----------------------------------------------------------------+
Note: In order to hide this table in the UI and the text report file, please set the "Show Parameter Settings in Synthesis Report" option in "Analysis and Synthesis Settings -> More Settings" to "Off".


+-----------------------------------------------------------------------------------------------------------------+
; Parameter Settings for Inferred Entity Instance: logic_analyzer_top:dut|buffer:buffer_inst|altsyncram:mem_rtl_0 ;
+------------------------------------+----------------------+-----------------------------------------------------+
; Parameter Name                     ; Value                ; Type                                                ;
+------------------------------------+----------------------+-----------------------------------------------------+
; BYTE_SIZE_BLOCK                    ; 8                    ; Untyped                                             ;
; AUTO_CARRY_CHAINS                  ; ON                   ; AUTO_CARRY                                          ;
; IGNORE_CARRY_BUFFERS               ; OFF                  ; IGNORE_CARRY                                        ;
; AUTO_CASCADE_CHAINS                ; ON                   ; AUTO_CASCADE                                        ;
; IGNORE_CASCADE_BUFFERS             ; OFF                  ; IGNORE_CASCADE                                      ;
; WIDTH_BYTEENA                      ; 1                    ; Untyped                                             ;
; OPERATION_MODE                     ; DUAL_PORT            ; Untyped                                             ;
; WIDTH_A                            ; 1                    ; Untyped                                             ;
; WIDTHAD_A                          ; 14                   ; Untyped                                             ;
; NUMWORDS_A                         ; 16384                ; Untyped                                             ;
; OUTDATA_REG_A                      ; UNREGISTERED         ; Untyped                                             ;
; ADDRESS_ACLR_A                     ; NONE                 ; Untyped                                             ;
; OUTDATA_ACLR_A                     ; NONE                 ; Untyped                                             ;
; WRCONTROL_ACLR_A                   ; NONE                 ; Untyped                                             ;
; INDATA_ACLR_A                      ; NONE                 ; Untyped                                             ;
; BYTEENA_ACLR_A                     ; NONE                 ; Untyped                                             ;
; WIDTH_B                            ; 1                    ; Untyped                                             ;
; WIDTHAD_B                          ; 14                   ; Untyped                                             ;
; NUMWORDS_B                         ; 16384                ; Untyped                                             ;
; INDATA_REG_B                       ; CLOCK1               ; Untyped                                             ;
; WRCONTROL_WRADDRESS_REG_B          ; CLOCK1               ; Untyped                                             ;
; RDCONTROL_REG_B                    ; CLOCK1               ; Untyped                                             ;
; ADDRESS_REG_B                      ; CLOCK0               ; Untyped                                             ;
; OUTDATA_REG_B                      ; UNREGISTERED         ; Untyped                                             ;
; BYTEENA_REG_B                      ; CLOCK1               ; Untyped                                             ;
; INDATA_ACLR_B                      ; NONE                 ; Untyped                                             ;
; WRCONTROL_ACLR_B                   ; NONE                 ; Untyped                                             ;
; ADDRESS_ACLR_B                     ; NONE                 ; Untyped                                             ;
; OUTDATA_ACLR_B                     ; NONE                 ; Untyped                                             ;
; RDCONTROL_ACLR_B                   ; NONE                 ; Untyped                                             ;
; BYTEENA_ACLR_B                     ; NONE                 ; Untyped                                             ;
; WIDTH_BYTEENA_A                    ; 1                    ; Untyped                                             ;
; WIDTH_BYTEENA_B                    ; 1                    ; Untyped                                             ;
; RAM_BLOCK_TYPE                     ; AUTO                 ; Untyped                                             ;
; BYTE_SIZE                          ; 8                    ; Untyped                                             ;
; READ_DURING_WRITE_MODE_MIXED_PORTS ; OLD_DATA             ; Untyped                                             ;
; READ_DURING_WRITE_MODE_PORT_A      ; NEW_DATA_NO_NBE_READ ; Untyped                                             ;
; READ_DURING_WRITE_MODE_PORT_B      ; NEW_DATA_NO_NBE_READ ; Untyped                                             ;
; INIT_FILE                          ; UNUSED               ; Untyped                                             ;
; INIT_FILE_LAYOUT                   ; PORT_A               ; Untyped                                             ;
; MAXIMUM_DEPTH                      ; 0                    ; Untyped                                             ;
; CLOCK_ENABLE_INPUT_A               ; NORMAL               ; Untyped                                             ;
; CLOCK_ENABLE_INPUT_B               ; NORMAL               ; Untyped                                             ;
; CLOCK_ENABLE_OUTPUT_A              ; NORMAL               ; Untyped                                             ;
; CLOCK_ENABLE_OUTPUT_B              ; NORMAL               ; Untyped                                             ;
; CLOCK_ENABLE_CORE_A                ; USE_INPUT_CLKEN      ; Untyped                                             ;
; CLOCK_ENABLE_CORE_B                ; USE_INPUT_CLKEN      ; Untyped                                             ;
; ENABLE_ECC                         ; FALSE                ; Untyped                                             ;
; ECC_PIPELINE_STAGE_ENABLED         ; FALSE                ; Untyped                                             ;
; WIDTH_ECCSTATUS                    ; 3                    ; Untyped                                             ;
; DEVICE_FAMILY                      ; MAX 10               ; Untyped                                             ;
; CBXI_PARAMETER                     ; altsyncram_ugg1      ; Untyped                                             ;
+------------------------------------+----------------------+-----------------------------------------------------+
Note: In order to hide this table in the UI and the text report file, please set the "Show Parameter Settings in Synthesis Report" option in "Analysis and Synthesis Settings -> More Settings" to "Off".


+------------------------------------------------------------------------------------------------------------+
; altsyncram Parameter Settings by Entity Instance                                                           ;
+-------------------------------------------+----------------------------------------------------------------+
; Name                                      ; Value                                                          ;
+-------------------------------------------+----------------------------------------------------------------+
; Number of entity instances                ; 1                                                              ;
; Entity Instance                           ; logic_analyzer_top:dut|buffer:buffer_inst|altsyncram:mem_rtl_0 ;
;     -- OPERATION_MODE                     ; DUAL_PORT                                                      ;
;     -- WIDTH_A                            ; 1                                                              ;
;     -- NUMWORDS_A                         ; 16384                                                          ;
;     -- OUTDATA_REG_A                      ; UNREGISTERED                                                   ;
;     -- WIDTH_B                            ; 1                                                              ;
;     -- NUMWORDS_B                         ; 16384                                                          ;
;     -- ADDRESS_REG_B                      ; CLOCK0                                                         ;
;     -- OUTDATA_REG_B                      ; UNREGISTERED                                                   ;
;     -- RAM_BLOCK_TYPE                     ; AUTO                                                           ;
;     -- READ_DURING_WRITE_MODE_MIXED_PORTS ; OLD_DATA                                                       ;
+-------------------------------------------+----------------------------------------------------------------+


+------------------------------------------------------------------------------+
; Port Connectivity Checks: "logic_analyzer_top:dut|trigger:trigger_rd_strobe" ;
+----------+-------+----------+------------------------------------------------+
; Port     ; Type  ; Severity ; Details                                        ;
+----------+-------+----------+------------------------------------------------+
; polarity ; Input ; Info     ; Stuck at VCC                                   ;
+----------+-------+----------+------------------------------------------------+


+------------------------------------------------------------------------+
; Port Connectivity Checks: "logic_analyzer_top:dut|trigger:trigger_arm" ;
+----------+-------+----------+------------------------------------------+
; Port     ; Type  ; Severity ; Details                                  ;
+----------+-------+----------+------------------------------------------+
; polarity ; Input ; Info     ; Stuck at VCC                             ;
+----------+-------+----------+------------------------------------------+


+-----------------------------------------------------+
; Post-Synthesis Netlist Statistics for Top Partition ;
+-----------------------+-----------------------------+
; Type                  ; Count                       ;
+-----------------------+-----------------------------+
; boundary_port         ; 10                          ;
; cycloneiii_ff         ; 109                         ;
;     SCLR              ; 87                          ;
;     plain             ; 22                          ;
; cycloneiii_lcell_comb ; 154                         ;
;     arith             ; 74                          ;
;         2 data inputs ; 72                          ;
;         3 data inputs ; 2                           ;
;     normal            ; 80                          ;
;         1 data inputs ; 6                           ;
;         2 data inputs ; 19                          ;
;         3 data inputs ; 14                          ;
;         4 data inputs ; 41                          ;
; cycloneiii_ram_block  ; 2                           ;
;                       ;                             ;
; Max LUT depth         ; 5.30                        ;
; Average LUT depth     ; 2.56                        ;
+-----------------------+-----------------------------+


+-------------------------------+
; Elapsed Time Per Partition    ;
+----------------+--------------+
; Partition Name ; Elapsed Time ;
+----------------+--------------+
; Top            ; 00:00:00     ;
+----------------+--------------+


+-------------------------------+
; Analysis & Synthesis Messages ;
+-------------------------------+
Info: *******************************************************************
Info: Running Quartus Prime Analysis & Synthesis
    Info: Version 22.1std.0 Build 915 10/25/2022 SC Lite Edition
    Info: Processing started: Sun Sep  6 22:10:36 2026
Info: Command: quartus_map --read_settings_files=on --write_settings_files=off LogicAnalyzer -c LogicAnalyzer
Warning (18236): Number of processors has not been specified which may cause overloading on shared machines.  Set the global assignment NUM_PARALLEL_PROCESSORS in your QSF to an appropriate value for best performance.
Info (20030): Parallel compilation is enabled and will use 12 of the 12 processors detected
Info (12021): Found 1 design units, including 1 entities, in source file dflipflop.v
    Info (12023): Found entity 1: DFlipFlop File: C:/Logic Analyzer/DFlipFlop.v Line: 1
Info (12021): Found 1 design units, including 1 entities, in source file counter.v
    Info (12023): Found entity 1: counter File: C:/Logic Analyzer/counter.v Line: 1
Info (12021): Found 1 design units, including 1 entities, in source file sync.v
    Info (12023): Found entity 1: sync File: C:/Logic Analyzer/sync.v Line: 1
Info (12021): Found 1 design units, including 1 entities, in source file rate_div.v
    Info (12023): Found entity 1: rate_div File: C:/Logic Analyzer/rate_div.v Line: 1
Info (12021): Found 1 design units, including 1 entities, in source file trigger.v
    Info (12023): Found entity 1: trigger File: C:/Logic Analyzer/trigger.v Line: 1
Info (12021): Found 1 design units, including 1 entities, in source file capture.v
    Info (12023): Found entity 1: capture File: C:/Logic Analyzer/capture.v Line: 3
Info (12021): Found 1 design units, including 1 entities, in source file buffer.v
    Info (12023): Found entity 1: buffer File: C:/Logic Analyzer/buffer.v Line: 3
Info (12021): Found 1 design units, including 1 entities, in source file readout.v
    Info (12023): Found entity 1: readout File: C:/Logic Analyzer/readout.v Line: 3
Info (12021): Found 1 design units, including 1 entities, in source file logic_analyzer_top.v
    Info (12023): Found entity 1: logic_analyzer_top File: C:/Logic Analyzer/logic_analyzer_top.v Line: 3
Info (12021): Found 1 design units, including 1 entities, in source file logic_analyzer_10m50_top.v
    Info (12023): Found entity 1: logic_analyzer_10m50_top File: C:/Logic Analyzer/logic_analyzer_10m50_top.v Line: 1
Info (12127): Elaborating entity "logic_analyzer_10m50_top" for the top level hierarchy
Info (12128): Elaborating entity "logic_analyzer_top" for hierarchy "logic_analyzer_top:dut" File: C:/Logic Analyzer/logic_analyzer_10m50_top.v Line: 34
Info (12128): Elaborating entity "sync" for hierarchy "logic_analyzer_top:dut|sync:sync_probe" File: C:/Logic Analyzer/logic_analyzer_top.v Line: 47
Info (12128): Elaborating entity "DFlipFlop" for hierarchy "logic_analyzer_top:dut|sync:sync_probe|DFlipFlop:DflipFlop1" File: C:/Logic Analyzer/sync.v Line: 20
Info (12128): Elaborating entity "trigger" for hierarchy "logic_analyzer_top:dut|trigger:trigger_probe" File: C:/Logic Analyzer/logic_analyzer_top.v Line: 113
Info (12128): Elaborating entity "rate_div" for hierarchy "logic_analyzer_top:dut|rate_div:rate_div_0" File: C:/Logic Analyzer/logic_analyzer_top.v Line: 168
Info (12128): Elaborating entity "counter" for hierarchy "logic_analyzer_top:dut|rate_div:rate_div_0|counter:counter1" File: C:/Logic Analyzer/rate_div.v Line: 30
Warning (10230): Verilog HDL assignment warning at counter.v(10): truncated value with size 32 to match size of target (13) File: C:/Logic Analyzer/counter.v Line: 10
Info (12128): Elaborating entity "rate_div" for hierarchy "logic_analyzer_top:dut|rate_div:rate_div_1" File: C:/Logic Analyzer/logic_analyzer_top.v Line: 169
Info (12128): Elaborating entity "rate_div" for hierarchy "logic_analyzer_top:dut|rate_div:rate_div_2" File: C:/Logic Analyzer/logic_analyzer_top.v Line: 170
Info (12128): Elaborating entity "rate_div" for hierarchy "logic_analyzer_top:dut|rate_div:rate_div_3" File: C:/Logic Analyzer/logic_analyzer_top.v Line: 171
Info (12128): Elaborating entity "capture" for hierarchy "logic_analyzer_top:dut|capture:capture_inst" File: C:/Logic Analyzer/logic_analyzer_top.v Line: 205
Warning (10230): Verilog HDL assignment warning at capture.v(42): truncated value with size 32 to match size of target (14) File: C:/Logic Analyzer/capture.v Line: 42
Info (12128): Elaborating entity "buffer" for hierarchy "logic_analyzer_top:dut|buffer:buffer_inst" File: C:/Logic Analyzer/logic_analyzer_top.v Line: 214
Info (12128): Elaborating entity "readout" for hierarchy "logic_analyzer_top:dut|readout:readout_inst" File: C:/Logic Analyzer/logic_analyzer_top.v Line: 223
Warning (10230): Verilog HDL assignment warning at readout.v(19): truncated value with size 32 to match size of target (14) File: C:/Logic Analyzer/readout.v Line: 19
Info (19000): Inferred 1 megafunctions from design logic
    Info (276029): Inferred altsyncram megafunction from the following design logic: "logic_analyzer_top:dut|buffer:buffer_inst|mem_rtl_0" 
        Info (286033): Parameter OPERATION_MODE set to DUAL_PORT
        Info (286033): Parameter WIDTH_A set to 1
        Info (286033): Parameter WIDTHAD_A set to 14
        Info (286033): Parameter NUMWORDS_A set to 16384
        Info (286033): Parameter WIDTH_B set to 1
        Info (286033): Parameter WIDTHAD_B set to 14
        Info (286033): Parameter NUMWORDS_B set to 16384
        Info (286033): Parameter ADDRESS_ACLR_A set to NONE
        Info (286033): Parameter OUTDATA_REG_B set to UNREGISTERED
        Info (286033): Parameter ADDRESS_ACLR_B set to NONE
        Info (286033): Parameter OUTDATA_ACLR_B set to NONE
        Info (286033): Parameter ADDRESS_REG_B set to CLOCK0
        Info (286033): Parameter INDATA_ACLR_A set to NONE
        Info (286033): Parameter WRCONTROL_ACLR_A set to NONE
        Info (286033): Parameter READ_DURING_WRITE_MODE_MIXED_PORTS set to OLD_DATA
Info (12130): Elaborated megafunction instantiation "logic_analyzer_top:dut|buffer:buffer_inst|altsyncram:mem_rtl_0"
Info (12133): Instantiated megafunction "logic_analyzer_top:dut|buffer:buffer_inst|altsyncram:mem_rtl_0" with the following parameter:
    Info (12134): Parameter "OPERATION_MODE" = "DUAL_PORT"
    Info (12134): Parameter "WIDTH_A" = "1"
    Info (12134): Parameter "WIDTHAD_A" = "14"
    Info (12134): Parameter "NUMWORDS_A" = "16384"
    Info (12134): Parameter "WIDTH_B" = "1"
    Info (12134): Parameter "WIDTHAD_B" = "14"
    Info (12134): Parameter "NUMWORDS_B" = "16384"
    Info (12134): Parameter "ADDRESS_ACLR_A" = "NONE"
    Info (12134): Parameter "OUTDATA_REG_B" = "UNREGISTERED"
    Info (12134): Parameter "ADDRESS_ACLR_B" = "NONE"
    Info (12134): Parameter "OUTDATA_ACLR_B" = "NONE"
    Info (12134): Parameter "ADDRESS_REG_B" = "CLOCK0"
    Info (12134): Parameter "INDATA_ACLR_A" = "NONE"
    Info (12134): Parameter "WRCONTROL_ACLR_A" = "NONE"
    Info (12134): Parameter "READ_DURING_WRITE_MODE_MIXED_PORTS" = "OLD_DATA"
Info (12021): Found 1 design units, including 1 entities, in source file db/altsyncram_ugg1.tdf
    Info (12023): Found entity 1: altsyncram_ugg1 File: C:/Logic Analyzer/db/altsyncram_ugg1.tdf Line: 32
Info (12021): Found 1 design units, including 1 entities, in source file db/decode_97a.tdf
    Info (12023): Found entity 1: decode_97a File: C:/Logic Analyzer/db/decode_97a.tdf Line: 23
Info (12021): Found 1 design units, including 1 entities, in source file db/mux_i1b.tdf
    Info (12023): Found entity 1: mux_i1b File: C:/Logic Analyzer/db/mux_i1b.tdf Line: 23
Info (286030): Timing-Driven Synthesis is running
Info (16010): Generating hard_block partition "hard_block:auto_generated_inst"
    Info (16011): Adding 0 node(s), including 0 DDIO, 0 PLL, 0 transceiver and 0 LCELL
Info (21057): Implemented 167 device resources after synthesis - the final resource count might be different
    Info (21058): Implemented 8 input pins
    Info (21059): Implemented 2 output pins
    Info (21061): Implemented 155 logic cells
    Info (21064): Implemented 2 RAM segments
Info: Quartus Prime Analysis & Synthesis was successful. 0 errors, 4 warnings
    Info: Peak virtual memory: 4851 megabytes
    Info: Processing ended: Sun Sep  6 22:10:42 2026
    Info: Elapsed time: 00:00:06
    Info: Total CPU time (on all processors): 00:00:13


